url: http://www.ics.uci.edu/~kay/courses/i42/wildride/simulator.py
Exception: 'content-type'

url: http://www.ics.uci.edu/~kay/scheme/simple-file-io.ss
Exception: 'content-type'

url: http://www.ics.uci.edu/~kay/scheme/advanced-file-io.ss
Exception: 'content-type'

url: http://www.ics.uci.edu/~kay/scheme/infx-tunes.rkt
Exception: 'content-type'

url: http://www.ics.uci.edu/~yamingy/cocktail_demo1.r
Exception: 'content-type'

url: http://www.ics.uci.edu/~yamingy/cocktail_demo3.r
Exception: 'content-type'

url: http://www.ics.uci.edu/~yamingy/cocktail.r
Exception: 'content-type'

url: http://www.ics.uci.edu/~yamingy/npmle.r
Exception: 'content-type'

url: http://www.ics.uci.edu/~yamingy/cocktail_demo2.r
Exception: 'content-type'

url: http://www.ics.uci.edu/~yamingy/cocktail_demo4.r
Exception: 'content-type'

